// Jest Snapshot v1, https://goo.gl/fbAQLP

exports[`Pruebas en el componente <Buscar> Debe de mostrar los valores por defectos  1`] = `
<div>
  <div
    class="container"
  >
    <h1>
       Buscar heroe 
    </h1>
    <br />
    <div
      class="row"
    >
      <div
        class="col-5"
      >
        <h4>
           Buscar 
        </h4>
        <hr />
        <form>
          <input
            autocomplete="off"
            class="form-control"
            id="BuscarText"
            name="BuscarText"
            placeholder="Buscar heroe"
            type="text"
            value=""
          />
          <button
            class="btn btn-primary mt-2"
            type="submit"
          >
            Buscar
          </button>
        </form>
      </div>
      <div
        class="col-7"
      >
        <h4>
           Resultados 
        </h4>
        <hr />
        <div
          class="alert alert-primary animate__animated animate__fadeIn"
        >
          <p>
             ðŸ˜Ž Realiza una busqueda 
            <span>
               ... 
            </span>
             
          </p>
        </div>
        <div
          class="container"
        />
      </div>
    </div>
  </div>
</div>
`;
